// Jest Snapshot v1, https://goo.gl/fbAQLP

exports[`should take a snapshot 1`] = `
<DocumentFragment>
  <div
    class="MuiPaper-root MuiCard-root makeStyles-cardStyle-1 MuiPaper-elevation1 MuiPaper-rounded"
  >
    <div
      class="MuiCardContent-root"
    >
      <p
        class="MuiTypography-root MuiTypography-body1"
      >
        Create your budget
      </p>
      <p
        class="MuiTypography-root makeStyles-content-2 MuiTypography-body1"
      >
        Take control on your expenses by creating a budget on your spendings
      </p>
      <p
        class="MuiTypography-root MuiTypography-body1"
      />
    </div>
  </div>
</DocumentFragment>
`;
