// Jest Snapshot v1, https://goo.gl/fbAQLP

exports[`should take a snapshot 1`] = `
<DocumentFragment>
  <div
    class="makeStyles-root-1"
  >
    <div
      class="MuiGrid-root MuiGrid-container"
    >
      <div
        class="MuiGrid-root MuiGrid-item MuiGrid-grid-xs-9"
      >
        <div
          class="makeStyles-title-4"
        >
          Budget
        </div>
        <div
          class="MuiPaper-root MuiCard-root makeStyles-cardStyle-109 MuiPaper-elevation1 MuiPaper-rounded"
        >
          <div
            class="MuiCardContent-root"
          >
            <p
              class="MuiTypography-root MuiTypography-body1"
            >
              Create your budget
            </p>
            <p
              class="MuiTypography-root makeStyles-content-110 MuiTypography-body1"
            >
              Take control on your expenses by creating a budget on your spendings
            </p>
            <p
              class="MuiTypography-root MuiTypography-body1"
            />
          </div>
        </div>
      </div>
      <div
        class="MuiGrid-root MuiGrid-item MuiGrid-grid-xs-3"
      >
        <div
          class="makeStyles-title-4"
        />
        <div
          class="MuiPaper-root MuiCard-root makeStyles-card-171 MuiPaper-elevation1 MuiPaper-rounded"
        >
          <div
            class="MuiCardContent-root"
          >
            <p
              class="MuiTypography-root MuiTypography-body1"
            />
            <div>
              <div>
                <p
                  class="MuiTypography-root makeStyles-header-172 MuiTypography-body1"
                >
                  Insights
                </p>
                <div />
              </div>
              <hr
                class="MuiDivider-root"
                style="margin-top: 10px;"
              />
            </div>
            <p />
            <p
              class="MuiTypography-root makeStyles-content-174 MuiTypography-body1"
            >
              <img
                alt="Logo"
                height="80px"
                src="insight.png"
              />
            </p>
            <p
              class="MuiTypography-root makeStyles-footer-173 MuiTypography-body1"
            >
              No insights are here
            </p>
          </div>
        </div>
      </div>
      <div
        class="MuiGrid-root MuiGrid-item MuiGrid-grid-xs-9"
      >
        <div
          class="makeStyles-title-4"
        />
      </div>
      <div
        class="MuiGrid-root MuiGrid-item MuiGrid-grid-xs-3"
      >
        <div
          class="makeStyles-title-4"
        />
        <div
          class="makeStyles-top-5"
        >
          <div
            class="MuiPaper-root MuiCard-root makeStyles-card-182 MuiPaper-elevation1 MuiPaper-rounded"
          >
            <div
              class="MuiCardContent-root"
            >
              <p
                class="MuiTypography-root MuiTypography-body1"
              />
              <div>
                <div
                  class="makeStyles-header-184"
                >
                  <p
                    class="MuiTypography-root makeStyles-title-183 MuiTypography-body1"
                  >
                    Trasactions
                  </p>
                  <div>
                    <svg
                      aria-hidden="true"
                      class="MuiSvgIcon-root makeStyles-iconStyle-186"
                      focusable="false"
                      viewBox="0 0 24 24"
                    >
                      <path
                        d="M19 13h-6v6h-2v-6H5v-2h6V5h2v6h6v2z"
                      />
                    </svg>
                    <svg
                      aria-hidden="true"
                      class="MuiSvgIcon-root makeStyles-iconStyle-186"
                      focusable="false"
                      viewBox="0 0 24 24"
                    >
                      <path
                        d="M20 3h-1V1h-2v2H7V1H5v2H4c-1.1 0-2 .9-2 2v16c0 1.1.9 2 2 2h16c1.1 0 2-.9 2-2V5c0-1.1-.9-2-2-2zm0 18H4V8h16v13z"
                      />
                    </svg>
                    <svg
                      aria-hidden="true"
                      class="MuiSvgIcon-root makeStyles-iconStyle-186"
                      focusable="false"
                      viewBox="0 0 24 24"
                    >
                      <path
                        d="M3 18h6v-2H3v2zM3 6v2h18V6H3zm0 7h12v-2H3v2z"
                      />
                    </svg>
                  </div>
                </div>
                <hr
                  class="MuiDivider-root"
                  style="margin-top: 10px;"
                />
              </div>
              <p />
              <p
                class="MuiTypography-root makeStyles-content-185 MuiTypography-body1"
              >
                Looks like you didnâ€™t create any transactions to show the data. Please, here to keep in track
              </p>
              <p
                class="MuiTypography-root MuiTypography-body1"
              />
            </div>
          </div>
        </div>
      </div>
    </div>
  </div>
</DocumentFragment>
`;
