// Jest Snapshot v1, https://goo.gl/fbAQLP

exports[`should take a snapshot 1`] = `
<DocumentFragment>
  <div
    class="makeStyles-align-1"
  >
    <div>
      <div
        class="MuiGrid-root MuiGrid-item MuiGrid-grid-xs-6"
      >
        <div
          class="makeStyles-top-4"
        >
          <span
            aria-disabled="false"
            class="MuiButtonBase-root MuiIconButton-root PrivateSwitchBase-root-116 MuiCheckbox-root MuiCheckbox-colorSecondary makeStyles-root-5 PrivateSwitchBase-checked-117 Mui-checked MuiIconButton-colorSecondary"
            style="color: rgb(4, 136, 255);"
          >
            <span
              class="MuiIconButton-label"
            >
              <input
                checked=""
                class="PrivateSwitchBase-input-119"
                data-indeterminate="false"
                name="Text messages"
                type="checkbox"
                value=""
              />
              <svg
                aria-hidden="true"
                class="MuiSvgIcon-root"
                focusable="false"
                viewBox="0 0 24 24"
              >
                <path
                  d="M19 3H5c-1.11 0-2 .9-2 2v14c0 1.1.89 2 2 2h14c1.11 0 2-.9 2-2V5c0-1.1-.89-2-2-2zm-9 14l-5-5 1.41-1.41L10 14.17l7.59-7.59L19 8l-9 9z"
                />
              </svg>
            </span>
            <span
              class="MuiTouchRipple-root"
            />
          </span>
        </div>
      </div>
    </div>
    <div
      class="makeStyles-top-2"
    >
      Messages
    </div>
  </div>
</DocumentFragment>
`;
