// Jest Snapshot v1, https://goo.gl/fbAQLP

exports[`should take a snapshot 1`] = `
<DocumentFragment>
  <div />
</DocumentFragment>
`;

exports[`should take a snapshot 2`] = `
<DocumentFragment>
  <div />
</DocumentFragment>
`;
